exports[`test About page is active 1`] = `
<section
  className="hero is-primary is-bold">
  <div
    className="hero-body">
    <div
      className="container is-fluid">
      <h1
        className="title">
        The Commons
      </h1>
      <h2
        className="subtitle">
        Sustainable city living
      </h2>
      <nav
        className="nav has-shadow">
        <div
          className="nav-left">
          <a
            className="nav-item is-tab"
            href="/"
            onClick={[Function]}>
            Home
          </a>
          <a
            className="nav-item is-tab is-active"
            href="/about"
            onClick={[Function]}>
            About
          </a>
          <a
            className="nav-item is-tab"
            href="/bees"
            onClick={[Function]}>
            Bees
          </a>
          <a
            className="nav-item is-tab"
            href="/awards"
            onClick={[Function]}>
            Awards
          </a>
          <a
            className="nav-item is-tab"
            href="/photos"
            onClick={[Function]}>
            Photos
          </a>
        </div>
      </nav>
    </div>
  </div>
</section>
`;

exports[`test Awards page is active 1`] = `
<section
  className="hero is-primary is-bold">
  <div
    className="hero-body">
    <div
      className="container is-fluid">
      <h1
        className="title">
        The Commons
      </h1>
      <h2
        className="subtitle">
        Sustainable city living
      </h2>
      <nav
        className="nav has-shadow">
        <div
          className="nav-left">
          <a
            className="nav-item is-tab"
            href="/"
            onClick={[Function]}>
            Home
          </a>
          <a
            className="nav-item is-tab"
            href="/about"
            onClick={[Function]}>
            About
          </a>
          <a
            className="nav-item is-tab"
            href="/bees"
            onClick={[Function]}>
            Bees
          </a>
          <a
            className="nav-item is-tab is-active"
            href="/awards"
            onClick={[Function]}>
            Awards
          </a>
          <a
            className="nav-item is-tab"
            href="/photos"
            onClick={[Function]}>
            Photos
          </a>
        </div>
      </nav>
    </div>
  </div>
</section>
`;

exports[`test Bees page is active 1`] = `
<section
  className="hero is-primary is-bold">
  <div
    className="hero-body">
    <div
      className="container is-fluid">
      <h1
        className="title">
        The Commons
      </h1>
      <h2
        className="subtitle">
        Sustainable city living
      </h2>
      <nav
        className="nav has-shadow">
        <div
          className="nav-left">
          <a
            className="nav-item is-tab"
            href="/"
            onClick={[Function]}>
            Home
          </a>
          <a
            className="nav-item is-tab"
            href="/about"
            onClick={[Function]}>
            About
          </a>
          <a
            className="nav-item is-tab is-active"
            href="/bees"
            onClick={[Function]}>
            Bees
          </a>
          <a
            className="nav-item is-tab"
            href="/awards"
            onClick={[Function]}>
            Awards
          </a>
          <a
            className="nav-item is-tab"
            href="/photos"
            onClick={[Function]}>
            Photos
          </a>
        </div>
      </nav>
    </div>
  </div>
</section>
`;

exports[`test Home page is active 1`] = `
<section
  className="hero is-primary is-bold">
  <div
    className="hero-body">
    <div
      className="container is-fluid">
      <h1
        className="title">
        The Commons
      </h1>
      <h2
        className="subtitle">
        Sustainable city living
      </h2>
      <nav
        className="nav has-shadow">
        <div
          className="nav-left">
          <a
            className="nav-item is-tab is-active"
            href="/"
            onClick={[Function]}>
            Home
          </a>
          <a
            className="nav-item is-tab"
            href="/about"
            onClick={[Function]}>
            About
          </a>
          <a
            className="nav-item is-tab"
            href="/bees"
            onClick={[Function]}>
            Bees
          </a>
          <a
            className="nav-item is-tab"
            href="/awards"
            onClick={[Function]}>
            Awards
          </a>
          <a
            className="nav-item is-tab"
            href="/photos"
            onClick={[Function]}>
            Photos
          </a>
        </div>
      </nav>
    </div>
  </div>
</section>
`;

exports[`test Photos page is active 1`] = `
<section
  className="hero is-primary is-bold">
  <div
    className="hero-body">
    <div
      className="container is-fluid">
      <h1
        className="title">
        The Commons
      </h1>
      <h2
        className="subtitle">
        Sustainable city living
      </h2>
      <nav
        className="nav has-shadow">
        <div
          className="nav-left">
          <a
            className="nav-item is-tab"
            href="/"
            onClick={[Function]}>
            Home
          </a>
          <a
            className="nav-item is-tab"
            href="/about"
            onClick={[Function]}>
            About
          </a>
          <a
            className="nav-item is-tab"
            href="/bees"
            onClick={[Function]}>
            Bees
          </a>
          <a
            className="nav-item is-tab"
            href="/awards"
            onClick={[Function]}>
            Awards
          </a>
          <a
            className="nav-item is-tab is-active"
            href="/photos"
            onClick={[Function]}>
            Photos
          </a>
        </div>
      </nav>
    </div>
  </div>
</section>
`;
